// Vitest Snapshot v1

exports[`useStepper > provides the correct decrement props in getDecrementProps 1`] = `
{
  "aria-hidden": true,
  "disabled": false,
  "onClick": [Function],
}
`;

exports[`useStepper > provides the correct form props in getFormProps 1`] = `
{
  "onSubmit": [Function],
}
`;

exports[`useStepper > provides the correct increment props in getIncrementProps 1`] = `
{
  "aria-hidden": true,
  "disabled": false,
  "onClick": [Function],
}
`;

exports[`useStepper > provides the correct input props in getInputProps 1`] = `
{
  "aria-valuemax": 1.7976931348623157e+308,
  "aria-valuemin": -1.7976931348623157e+308,
  "aria-valuenow": 0,
  "aria-valuetext": "0",
  "autoComplete": "off",
  "autoCorrect": "off",
  "inputMode": "decimal",
  "onBlur": [Function],
  "onChange": [Function],
  "onFocus": [Function],
  "pattern": "[0-9]*(.[0-9]+)?",
  "ref": [Function],
  "role": "spinbutton",
  "type": "text",
  "value": "0",
}
`;

exports[`useStepper > returns the correct properties 1`] = `
{
  "decrement": [Function],
  "getDecrementProps": [Function],
  "getFormProps": [Function],
  "getIncrementProps": [Function],
  "getInputProps": [Function],
  "increment": [Function],
  "setValue": [Function],
  "value": "0",
}
`;
